Welcome to OurScheme!

> ";;;;;;;;;;;;;;;;;;;;;;;;;;;; Test 2 : Simple, with error"

";;;;;;;;;;;;;;;;;;;;;;;;;;;; Test 2 : Simple, with error"

> v

v

> Hello

Hello

> there

there

> !

!

> @$%--3#!!!!!!!!!!!!!!!!!!!!!!!!!!!!!!!!!!!!!!!!.%%%%^^^&

@$%--3#!!!!!!!!!!!!!!!!!!!!!!!!!!!!!!!!!!!!!!!!.%%%%^^^&

> "   ( 1 2.54 3 . -4. 5 6 Hi there . 7 . nil ) "

"   ( 1 2.54 3 . -4. 5 6 Hi there . 7 . nil ) "

> ERROR (no closing quote) : END-OF-LINE encountered at Line 3 Column 56

> This

This

> is

is

> ICE

ICE

> !

!

> #t

#t

> #t

#t

> nil

nil

> nil

nil

> nil

nil

> at#fgh

at#fgh

> 325

325

> -

-

> 325.000

325.000

> 3.25

3.25

> 0.375

0.375

> 3a5b

3a5b

> exit

exit

> #

#

> f

f

> #g

#g

> ERROR (unexpected token) : atom or '(' expected when token at Line 1 Column 2 is >>.<<

> #t

#t

> ERROR (unexpected token) : atom or '(' expected when token at Line 4 Column 1 is >>)<<

> 20

20

> ERROR (unexpected token) : atom or '(' expected when token at Line 1 Column 2 is >>.<<

> nil

nil

> nil

nil

> nil

nil

> ERROR (unexpected token) : atom or '(' expected when token at Line 1 Column 4 is >>)<<

> ";;;;;;;;;;;;;;;;;;;;;;;;;;;; Test 4 : Basic, with error"

";;;;;;;;;;;;;;;;;;;;;;;;;;;; Test 4 : Basic, with error"

> !@

!@

> ERROR (unexpected token) : atom or '(' expected when token at Line 1 Column 3 is >>.<<

> !@

!@

> ERROR (unexpected token) : atom or '(' expected when token at Line 1 Column 3 is >>.<<

> ERROR (no closing quote) : END-OF-LINE encountered at Line 3 Column 33

> on

on

> this

this

> continent,

continent,

> ERROR (no closing quote) : END-OF-LINE encountered at Line 1 Column 3

> .
1
.
2
.
3
nil

1
.
2
.
3
.
nil

> ERROR (unexpected token) : atom or '(' expected when token at Line 1 Column 2 is >>)<<

> .
1
.
-
.
2
.
3.875
4.000

1
.
-
.
2
.
3.875
.
4.000

> -7.125

-7.125

> .
-1.5.
.
.
"2.25"
.
^&%$*+-=.nil
nil
nil

-1.5.
.
"2.25"
.
^&%$*+-=.nil
.
nil
.
nil

> .
-1.5
.
"2.25"
.
^&%$*+-=.nil
nil

-1.5
.
"2.25"
.
^&%$*+-=.nil
.
nil

> .
-1.5
.
"2.25"
.
^&%$*+-=
.
.#f
nil

-1.5
.
"2.25"
.
^&%$*+-=
.
.#f
.
nil

> .
10
.
12.000
.
nil
.
0.625
nil

10
.
12.000
.
nil
.
0.625
.
nil

> .
10
.
nil
"125."

10
.
nil
.
"125."

> .
nil.nil
nil

nil.nil
.
nil

> .
nil
nil

nil
.
nil

> ERROR (unexpected token) : atom or '(' expected when token at Line 1 Column 3 is >>.<<

> ERROR (unexpected token) : atom or '(' expected when token at Line 3 Column 1 is >>)<<

> .
1
.
"Hi 2"
.
2.a.b
c

1
.
"Hi 2"
.
2.a.b
.
c

> .
1
.
2.25.5
nil

1
.
2.25.5
.
nil

> .
1
.
2.25.5.a.5
nil

1
.
2.25.5.a.5
.
nil

> .
12.5.
.
.
4.5
nil
nil

12.5.
.
4.5
.
nil
.
nil

> .
3...25
nil

3...25
.
nil

> .
abc.
.
" defg. "
.
0.5
nil

abc.
.
" defg. "
.
0.5
.
nil

> .
Hi
.
there
.
!
.
How#are
.
you
.
?
.
Is
.
it
.
OK?
nil

Hi
.
there
.
!
.
How#are
.
you
.
?
.
Is
.
it
.
OK?
.
nil

> .
Hi
.
there
.
!
nil

Hi
.
there
.
!
.
nil

> .
How#are
.
you
nil

How#are
.
you
.
nil

> .
'
.
.
nil
.
nil
nil
nil

'
.
nil
.
nil
.
nil
.
nil

> ";;;;;;;;;;;;;;;;;;;;;;;;;;;; Test 6 : Medium, with error"

";;;;;;;;;;;;;;;;;;;;;;;;;;;; Test 6 : Medium, with error"

> .
12.5
nil

12.5
.
nil

> ERROR (unexpected token) : atom or '(' expected when token at Line 1 Column 5 is >>.<<

> .
t.nil.
.
.
1
.
2
.
3
nil
nil

t.nil.
.
1
.
2
.
3
.
nil
.
nil

> .
'
.
.
1
.
2
.
3
.
")"
nil
nil

'
.
1
.
2
.
3
.
")"
.
nil
.
nil

> ERROR (unexpected token) : atom or '(' expected when token at Line 1 Column 2 is >>)<<

> .
'
.
.
1
.
2
.
3
.
")"
.
nil
nil
nil

'
.
1
.
2
.
3
.
")"
.
nil
.
nil
.
nil

> .
'
.
.
1
.
2
.
3
.
")"
nil
nil

'
.
1
.
2
.
3
.
")"
.
nil
.
nil

> .
#t
.
nil
.
.
1.250
.
0.375
nil
.
"#f))"
nil

#t
.
nil
.
1.250
.
0.375
.
nil
.
"#f))"
.
nil

> .
#t
.
nil
.
.
1.25
.
0.375
nil
"#f))"

#t
.
nil
.
1.25
.
0.375
.
nil
.
"#f))"

> .
.
1
.
2
.
3
nil
.
.
4
5
.
6
.
.
7
nil
.
.
8
9
10

1
.
2
.
3
.
nil
.
4
.
5
.
6
.
7
.
nil
.
8
.
9
.
10

> .
.
1
.
2
.
3
nil
.
.
4
5
.
.
6
.
.
7.000
.
.
#f.#f
nil
.
0.5
nil
.
.
".5"
"nil"
nil
nil

1
.
2
.
3
.
nil
.
4
.
5
.
6
.
7.000
.
#f.#f
.
nil
.
0.5
.
nil
.
".5"
.
"nil"
.
nil
.
nil

> ERROR (unexpected token) : ')' expected when token at Line 3 Column 32 is >>.<<

> .
'
.
.
nil-nil=nil
.
.nil+nil<>nil
nil
nil

'
.
nil-nil=nil
.
.nil+nil<>nil
.
nil
.
nil

> .
'
.
.
'
.
.
!
.
%^&
abc
nil
nil

'
.
'
.
!
.
%^&
.
abc
.
nil
.
nil

> .
'
.
.
Hi.there
.
.
there.
.
nil
nil
nil
nil

'
.
Hi.there
.
there.
.
nil
.
nil
.
nil
.
nil

> .
'
.
.
Hi.there
.
.
there
.
nil
.
what
.
nil
nil
nil
nil

'
.
Hi.there
.
there
.
nil
.
what
.
nil
.
nil
.
nil
.
nil

> .
'
.
.
1
.
2
.
3
.
"To Taiwan"
nil
nil

'
.
1
.
2
.
3
.
"To Taiwan"
.
nil
.
nil

> .
.25#f
nil

.25#f
.
nil

> ";;;;;;;;;;;;;;;;;;;;;;;;;;;; Test 8 : Complex, with error"

";;;;;;;;;;;;;;;;;;;;;;;;;;;; Test 8 : Complex, with error"

> .
1
.
2
.
3
nil

1
.
2
.
3
.
nil

> 4

4

> .
5
.
6
7

5
.
6
.
7

> ERROR (unexpected token) : atom or '(' expected when token at Line 1 Column 2 is >>.<<

> .
1
.
2
.
3
nil

1
.
2
.
3
.
nil

> ERROR (unexpected token) : atom or '(' expected when token at Line 1 Column 1 is >>.<<

> .
1
.
2
.
3
nil

1
.
2
.
3
.
nil

> 4

4

> 5

5

> ERROR (unexpected token) : atom or '(' expected when token at Line 2 Column 4 is >>)<<

> .
define
.
.
f
.
z
nil
.
.
let
.
.
.
x
.
5
nil
nil
.
.
define
.
foo
.
.
lambda
.
.
y
nil
.
.
bar
.
x
.
y
nil
nil
nil
.
.
define
.
bar
.
.
lambda
.
.
a
.
b
nil
.
.
+
.
.
*
.
a
.
b
nil
.
a
nil
nil
nil
.
.
+
.
.
foo
.
.
+
.
x
.
3
nil
nil
.
z
nil
nil
nil

define
.
f
.
z
.
nil
.
let
.
x
.
5
.
nil
.
nil
.
define
.
foo
.
lambda
.
y
.
nil
.
bar
.
x
.
y
.
nil
.
nil
.
nil
.
define
.
bar
.
lambda
.
a
.
b
.
nil
.
+
.
*
.
a
.
b
.
nil
.
a
.
nil
.
nil
.
nil
.
+
.
foo
.
+
.
x
.
3
.
nil
.
nil
.
z
.
nil
.
nil
.
nil

> .
1
2

1
.
2

> ERROR (unexpected token) : ')' expected when token at Line 9 Column 51 is >>b<<

> .
+
.
.
foo
.
.
+
.
x
.
3
nil
nil
.
z
nil

+
.
foo
.
+
.
x
.
3
.
nil
.
nil
.
z
.
nil

> ERROR (unexpected token) : atom or '(' expected when token at Line 2 Column 4 is >>)<<

> 1

1

> ERROR (unexpected token) : atom or '(' expected when token at Line 1 Column 2 is >>.<<

> ERROR (unexpected token) : atom or '(' expected when token at Line 1 Column 7 is >>)<<

> .
.
.
1
2
.
3.5
.
.
0.875
.
4.000
nil
.
5
.
"5 . 6 . 7 ) "
.
0.0
nil
.
7.000
.
8
nil

1
.
2
.
3.5
.
0.875
.
4.000
.
nil
.
5
.
"5 . 6 . 7 ) "
.
0.0
.
nil
.
7.000
.
8
.
nil

> ERROR (unexpected token) : ')' expected when token at Line 8 Column 8 is >>(<<

> ERROR (unexpected token) : atom or '(' expected when token at Line 1 Column 7 is >>)<<

> ERROR (unexpected token) : atom or '(' expected when token at Line 1 Column 4 is >>)<<

> ERROR (unexpected token) : atom or '(' expected when token at Line 1 Column 4 is >>.<<

> ERROR (unexpected token) : atom or '(' expected when token at Line 1 Column 3 is >>)<<

> .
save-restriction
.
.
if
.
.
and
.
ignore-quotes
.
.
eq
.
.
following-char
nil
.
?
nil
nil
.
.
forward-char
nil
nil
.
.
narrow-to-region
.
.
point-min
nil
.
opoint
nil
.
.
setq
.
expr
.
.
read
.
.
current-buffer
nil
nil
nil
.
.
and
.
.
consp
.
expr
nil
.
.
eq
.
.
car
.
expr
nil
.
.
'
.
interactive
nil
nil
.
.
setq
.
expr
.
.
list
.
.
'
.
call-interactively
nil
.
.
list
.
.
'
.
quote
nil
.
.
list
.
.
'
.
lambda
nil
.
.
'
.
.
&rest
.
args
nil
nil
.
expr
.
.
'
.
args
nil
nil
nil
nil
nil
nil
.
expr
nil

save-restriction
.
if
.
and
.
ignore-quotes
.
eq
.
following-char
.
nil
.
?
.
nil
.
nil
.
forward-char
.
nil
.
nil
.
narrow-to-region
.
point-min
.
nil
.
opoint
.
nil
.
setq
.
expr
.
read
.
current-buffer
.
nil
.
nil
.
nil
.
and
.
consp
.
expr
.
nil
.
eq
.
car
.
expr
.
nil
.
'
.
interactive
.
nil
.
nil
.
setq
.
expr
.
list
.
'
.
call-interactively
.
nil
.
list
.
'
.
quote
.
nil
.
list
.
'
.
lambda
.
nil
.
'
.
&rest
.
args
.
nil
.
nil
.
expr
.
'
.
args
.
nil
.
nil
.
nil
.
nil
.
nil
.
nil
.
expr
.
nil

> ERROR (no closing quote) : END-OF-LINE encountered at Line 6 Column 37

> ERROR (unexpected token) : atom or '(' expected when token at Line 1 Column 14 is >>)<<

> ERROR (unexpected token) : atom or '(' expected when token at Line 1 Column 9 is >>)<<

> .
forward-char
nil

forward-char
.
nil

> ERROR (unexpected token) : atom or '(' expected when token at Line 1 Column 1 is >>)<<

> .
narrow-to-region
.
.
point-min
nil
.
opoint
nil

narrow-to-region
.
point-min
.
nil
.
opoint
.
nil

> .
setq
.
expr
.
.
read
.
.
current-buffer
nil
nil
nil

setq
.
expr
.
read
.
current-buffer
.
nil
.
nil
.
nil

> .
and
.
.
consp
.
expr
nil
.
.
eq
.
.
car
.
expr
nil
.
.
'
.
interactive
nil
nil
.
.
setq
.
expr
.
.
list
.
.
'
.
call-interactively
nil
.
.
list
.
.
'
.
quote
nil
.
.
list
.
.
'
.
lambda
nil
.
.
'
.
.
&rest
.
args
nil
nil
.
expr
.
.
'
.
args
nil
nil
nil
nil
nil
nil

and
.
consp
.
expr
.
nil
.
eq
.
car
.
expr
.
nil
.
'
.
interactive
.
nil
.
nil
.
setq
.
expr
.
list
.
'
.
call-interactively
.
nil
.
list
.
'
.
quote
.
nil
.
list
.
'
.
lambda
.
nil
.
'
.
&rest
.
args
.
nil
.
nil
.
expr
.
'
.
args
.
nil
.
nil
.
nil
.
nil
.
nil
.
nil

> expr

expr

> ERROR (unexpected token) : atom or '(' expected when token at Line 1 Column 1 is >>)<<

> .
defun
.
eval-last-sexp-1
.
.
eval-last-sexp-arg-internal
nil
.
"Evaluate sexp before point; print value in minibuffer.
"
.
"With argument, print output into current buffer."
.
.
let
.
.
.
standard-output
.
.
if
.
eval-last-sexp-arg-internal
.
.
current-buffer
nil
.
#t
nil
nil
nil
.
.
eval-last-sexp-print-value
.
.
eval
.
.
preceding-sexp
nil
nil
nil
nil
nil

defun
.
eval-last-sexp-1
.
eval-last-sexp-arg-internal
.
nil
.
"Evaluate sexp before point; print value in minibuffer.
"
.
"With argument, print output into current buffer."
.
let
.
standard-output
.
if
.
eval-last-sexp-arg-internal
.
current-buffer
.
nil
.
#t
.
nil
.
nil
.
nil
.
eval-last-sexp-print-value
.
eval
.
preceding-sexp
.
nil
.
nil
.
nil
.
nil
.
nil

> ERROR (no closing quote) : END-OF-LINE encountered at Line 2 Column 60

> .
let
.
.
.
standard-output
.
.
if
.
eval-last-sexp-arg-internal
.
.
current-buffer
nil
.
#t
nil
nil
nil
.
.
eval-last-sexp-print-value
.
.
eval
.
.
preceding-sexp
nil
nil
nil
nil

let
.
standard-output
.
if
.
eval-last-sexp-arg-internal
.
current-buffer
.
nil
.
#t
.
nil
.
nil
.
nil
.
eval-last-sexp-print-value
.
eval
.
preceding-sexp
.
nil
.
nil
.
nil
.
nil

> ERROR (unexpected token) : atom or '(' expected when token at Line 1 Column 1 is >>)<<

> .
defun
.
eval-last-sexp-print-value
.
.
value
nil
.
.
let
.
.
.
unabbreviated
.
.
let
.
.
.
print-length
.
nil
nil
.
.
print-level
.
nil
nil
nil
.
.
prin1-to-string
.
value
nil
nil
nil
.
.
print-length
.
eval-expression-print-length
nil
.
.
print-level
.
eval-expression-print-level
nil
.
.
beg
.
.
point
nil
nil
.
end
nil
.
.
prog1
.
.
prin1
.
value
nil
.
.
let
.
.
.
str
.
.
eval-expression-print-format
.
value
nil
nil
nil
.
.
if
.
str
.
.
princ
.
str
nil
nil
nil
.
.
setq
.
end
.
.
point
nil
nil
.
.
when
.
.
and
.
.
bufferp
.
standard-output
nil
.
.
or
.
.
not
.
.
null
.
print-length
nil
nil
.
.
not
.
.
null
.
print-level
nil
nil
nil
.
.
not
.
.
string=
.
unabbreviated
.
.
buffer-substring-no-properties
.
beg
.
end
nil
nil
nil
nil
.
.
last-sexp-setup-props
.
beg
.
end
.
value
.
unabbreviated
.
.
buffer-substring-no-properties
.
beg
.
end
nil
nil
nil
nil
nil
nil

defun
.
eval-last-sexp-print-value
.
value
.
nil
.
let
.
unabbreviated
.
let
.
print-length
.
nil
.
nil
.
print-level
.
nil
.
nil
.
nil
.
prin1-to-string
.
value
.
nil
.
nil
.
nil
.
print-length
.
eval-expression-print-length
.
nil
.
print-level
.
eval-expression-print-level
.
nil
.
beg
.
point
.
nil
.
nil
.
end
.
nil
.
prog1
.
prin1
.
value
.
nil
.
let
.
str
.
eval-expression-print-format
.
value
.
nil
.
nil
.
nil
.
if
.
str
.
princ
.
str
.
nil
.
nil
.
nil
.
setq
.
end
.
point
.
nil
.
nil
.
when
.
and
.
bufferp
.
standard-output
.
nil
.
or
.
not
.
null
.
print-length
.
nil
.
nil
.
not
.
null
.
print-level
.
nil
.
nil
.
nil
.
not
.
string=
.
unabbreviated
.
buffer-substring-no-properties
.
beg
.
end
.
nil
.
nil
.
nil
.
nil
.
last-sexp-setup-props
.
beg
.
end
.
value
.
unabbreviated
.
buffer-substring-no-properties
.
beg
.
end
.
nil
.
nil
.
nil
.
nil
.
nil
.
nil

> .
exit
nil

exit
.
nil

Thanks for using OurScheme!
