Welcome to OurScheme!

> ";;;;;;;;;;;;;;;;;;;;;;;;;;;; Test 1 : Simple, no error"

";;;;;;;;;;;;;;;;;;;;;;;;;;;; Test 1 : Simple, no error"

> v

v

> Hello

Hello

> there!

there!

> @$%--3

@$%--3

> 3.25a

3.25a

> a.b

a.b

> -.

-.

> #t

#t

> #t

#t

> #tt

#tt

> nil

nil

> NIL

NIL

> nil

nil

> nil

nil

> #fa

#fa

> exit

exit

> "Hi"

"Hi"

> "  (1 . 2   . 3)  "

"  (1 . 2   . 3)  "

> "   ( 1 2 3 . 4 5 6 . 7 . nil ) "

"   ( 1 2 3 . 4 5 6 . 7 . nil ) "

> "What's up?"

"What's up?"

> "There is an ENTER HERE>>
See?!"

"There is an ENTER HERE>>
See?!"

> "Use '"' to start and close a string."

"Use '"' to start and close a string."

> "OurScheme allows the use of '\n', '\t' and  '\"' in a string."

"OurScheme allows the use of '\n', '\t' and  '\"' in a string."

> "Please enter YES\NO below this line >
"

"Please enter YES\NO below this line >
"

> "You need to handle >>\<<"

"You need to handle >>\<<"

> "You also need to handle >>"<<"

"You also need to handle >>"<<"

> 325

325

> -325

-325

> 3.25

3.25

> -3.25

-3.25

> 3.25

3.25

> 325.000

325.000

> 325.000

325.000

> -325.000

-325.000

> 0.375

0.375

> 0.3751

0.3751

> -0.3751

-0.3751

> -3.25

-3.25

> -325.000

-325.000

> -0.375

-0.375

> -0.12499

-0.12499

> -0.12500

-0.12500

> 0.31499

0.31499

> 5

5

> +-3.25

+-3.25

> exit

exit

> ";;;;;;;;;;;;;;;;;;;;;;;;;;;; Test 3 : Basic, no error"

";;;;;;;;;;;;;;;;;;;;;;;;;;;; Test 3 : Basic, no error"

> .
1
.
2
.
3
4

1
.
2
.
3
.
4

> .
1
.
2
.
3
nil

1
.
2
.
3
.
nil

> .
1
.
2
.
3
.
4
nil

1
.
2
.
3
.
4
.
nil

> .
1
.
2
.
3
4

1
.
2
.
3
.
4

> .
1
.
2
.
3
nil

1
.
2
.
3
.
nil

> .
1
.
.
2
3
.
4
nil

1
.
2
.
3
.
4
.
nil

> .
-1.5
.
"2.25"
.
^&%$*+-=
nil

-1.5
.
"2.25"
.
^&%$*+-=
.
nil

> .
-1.5
.
"2.25"
.
^&%$*+-=
nil

-1.5
.
"2.25"
.
^&%$*+-=
.
nil

> more

more

> comments

comments

> here

here

> .
-1.5
.
"2.25"
.
^&%$*+-=
nil

-1.5
.
"2.25"
.
^&%$*+-=
.
nil

> .
10
.
12.000
.
nil
nil

10
.
12.000
.
nil
.
nil

> .
10
.
nil
.
0.125
nil

10
.
nil
.
0.125
.
nil

> .
1
.
2.5
nil

1
.
2.5
.
nil

> .
1
.
2.a
a

1
.
2.a
.
a

> .
1
.
2.25.5
.
#t
nil

1
.
2.25.5
.
#t
.
nil

> .
nil#f
nil

nil#f
.
nil

> .
nil
nil

nil
.
nil

> .
12.5
.
4
5

12.5
.
4
.
5

> .
3
25

3
.
25

> .
3.000
.
25
nil

3.000
.
25
.
nil

> .
3
.
0.25
nil

3
.
0.25
.
nil

> .
3.25
nil

3.25
.
nil

> .
abc.
.
" defg "
nil

abc.
.
" defg "
.
nil

> .
Hi
.
there
.
!
.
How
.
are
.
you
.
?
nil

Hi
.
there
.
!
.
How
.
are
.
you
.
?
.
nil

> .
Hi
.
there!
.
"How are you?"
nil

Hi
.
there!
.
"How are you?"
.
nil

> .
Hi
.
there
nil

Hi
.
there
.
nil

> .
How
.
are
.
you
nil

How
.
are
.
you
.
nil

> .
Hi
.
there
.
How
.
is
.
it
.
going?
nil

Hi
.
there
.
How
.
is
.
it
.
going?
.
nil

> .
-110
.
2.125
.
-3
nil

-110
.
2.125
.
-3
.
nil

> .
4
.
"The sun is shining on this land."
.
23
.
0.5
7.000

4
.
"The sun is shining on this land."
.
23
.
0.5
.
7.000

> ";;;;;;;;;;;;;;;;;;;;;;;;;;;; Test 5 : Medium, no error"

";;;;;;;;;;;;;;;;;;;;;;;;;;;; Test 5 : Medium, no error"

> .
1
.
2
.
3
4

1
.
2
.
3
.
4

> .
1
.
2
.
3
nil

1
.
2
.
3
.
nil

> .
1
.
2
.
3
.
4
nil

1
.
2
.
3
.
4
.
nil

> .
1
.
2
.
3
4

1
.
2
.
3
.
4

> .
1
.
2
.
3
nil

1
.
2
.
3
.
nil

> .
1
.
.
2
.
3
nil
.
4
nil

1
.
2
.
3
.
nil
.
4
.
nil

> .
#t
.
nil
.
1
.
2
.
3
nil

#t
.
nil
.
1
.
2
.
3
.
nil

> .
.
1
.
2
.
3
nil
.
.
4
5
.
6
.
.
7
nil
.
.
8
9
nil

1
.
2
.
3
.
nil
.
4
.
5
.
6
.
7
.
nil
.
8
.
9
.
nil

> .
.
1
.
2
.
3
nil
.
.
4
5
.
6
.
.
7.#f
nil
.
.
.
8.5
nil
nil
nil

1
.
2
.
3
.
nil
.
4
.
5
.
6
.
7.#f
.
nil
.
8.5
.
nil
.
nil
.
nil

> .
1
.
2
.
3
nil

1
.
2
.
3
.
nil

> .
1
nil

1
.
nil

> .
1.000
.
.
2
nil
nil

1.000
.
2
.
nil
.
nil

> .
'
.
.
nil
nil
nil

'
.
nil
.
nil
.
nil

> .
!
.
%^&
abc

!
.
%^&
.
abc

> .
'
.
.
Hi
.
there.
.
.
How
.
is
.
it
.
going?
nil
nil
nil

'
.
Hi
.
there.
.
How
.
is
.
it
.
going?
.
nil
.
nil
.
nil

> .
'
.
.
1
.
2
.
3
.
"To Taiwan. It's fine."
nil
nil

'
.
1
.
2
.
3
.
"To Taiwan. It's fine."
.
nil
.
nil

> .nil

.nil

> .
0.25
.
nil
nil

0.25
.
nil
.
nil

> ";;;;;;;;;;;;;;;;;;;;;;;;;;;; Test 7 : Complex, no error"

";;;;;;;;;;;;;;;;;;;;;;;;;;;; Test 7 : Complex, no error"

> .
0.3751
.
"OurScheme allows the use of '\n', '\t' and  '\"' in a string."
.
3
4

0.3751
.
"OurScheme allows the use of '\n', '\t' and  '\"' in a string."
.
3
.
4

> .
1
.
2
.
3
nil

1
.
2
.
3
.
nil

> .
1
.
2
.
"Use '"' to start and close a string."
.
4
nil

1
.
2
.
"Use '"' to start and close a string."
.
4
.
nil

> .
1
.
2
.
3
0.31499

1
.
2
.
3
.
0.31499

> .
1
.
2
.
3
nil

1
.
2
.
3
.
nil

> .
1
.
.
2
.
3
nil
.
4
nil

1
.
2
.
3
.
nil
.
4
.
nil

> .
#t
.
nil
.
1
.
0.375
.
3
nil

#t
.
nil
.
1
.
0.375
.
3
.
nil

> .
.
1
.
2
.
3
nil
.
.
+-3.25
5
.
6
.
.
7
nil
.
.
8
9
nil

1
.
2
.
3
.
nil
.
+-3.25
.
5
.
6
.
7
.
nil
.
8
.
9
.
nil

> .
.
1
.
2
.
3
nil
.
.
4
25
.
6
.
.
-7.#f
nil
.
.
.
8.5
nil
nil
nil

1
.
2
.
3
.
nil
.
4
.
25
.
6
.
-7.#f
.
nil
.
8.5
.
nil
.
nil
.
nil

> .
1
.
2
.
3
nil

1
.
2
.
3
.
nil

> .
++1
nil

++1
.
nil

> .
1.000
.
.
-2
nil
nil

1.000
.
-2
.
nil
.
nil

> .
'
.
.
nil
nil
nil

'
.
nil
.
nil
.
nil

> .
.
.
1
-+2
.
.
"You need to handle >>\<<"
"You also need to handle >>"<<"
.
.
exit
nil
6
.
7
8

1
.
-+2
.
"You need to handle >>\<<"
.
"You also need to handle >>"<<"
.
exit
.
nil
.
6
.
7
.
8

> .
exit
.
0
nil

exit
.
0
.
nil

> .
Hi!
.
.
exit
nil
.
.
How
.
about
.
using
.
Lisp
.
.
instead
.
of
C?
nil
nil

Hi!
.
exit
.
nil
.
How
.
about
.
using
.
Lisp
.
instead
.
of
.
C?
.
nil
.
nil

> .
define
.
.
f
.
z
nil
.
.
let
.
.
.
x
.
5
nil
.
.
y
.
"Hi Hello"
nil
.
.
define
.
foo
.
.
lambda
.
.
y
nil
.
.
bar
.
x
.
y
nil
.
exit
nil
nil
.
.
define
.
bar
.
.
lambda
.
.
a
.
b
nil
.
.
+
.
.
*
.
a
.
b
nil
.
a
nil
nil
nil
.
.
+
.
.
foo
.
.
+
.
x
.
3
nil
nil
.
z
nil
nil
nil
nil

define
.
f
.
z
.
nil
.
let
.
x
.
5
.
nil
.
y
.
"Hi Hello"
.
nil
.
define
.
foo
.
lambda
.
y
.
nil
.
bar
.
x
.
y
.
nil
.
exit
.
nil
.
nil
.
define
.
bar
.
lambda
.
a
.
b
.
nil
.
+
.
*
.
a
.
b
.
nil
.
a
.
nil
.
nil
.
nil
.
+
.
foo
.
+
.
x
.
3
.
nil
.
nil
.
z
.
nil
.
nil
.
nil
.
nil

> .
The
.
sun
.
shines
.
bright
.
.
in
.
.
the
.
old
.
Kentucky
.
.
'
.
s
nil
.
home
nil
.
T
.
.
'
.
s
nil
.
summer
.
.
the
.
larkies
.
are
.
gay
nil
.
.nil
nil
.
-of-the-world
nil

The
.
sun
.
shines
.
bright
.
in
.
the
.
old
.
Kentucky
.
'
.
s
.
nil
.
home
.
nil
.
T
.
'
.
s
.
nil
.
summer
.
the
.
larkies
.
are
.
gay
.
nil
.
.nil
.
nil
.
-of-the-world
.
nil

> .
The
.
sun
.
shines
.
bright
.
.
in
.
.
the
.
old
.
Kentucky
.
.
'
.
s
nil
.
home
nil
.
T
.
.
'
.
s
nil
.
summer
.
.
the
.
larkies
.
are
.
gay
nil
nil
.
-of-the-world
nil

The
.
sun
.
shines
.
bright
.
in
.
the
.
old
.
Kentucky
.
'
.
s
.
nil
.
home
.
nil
.
T
.
'
.
s
.
nil
.
summer
.
the
.
larkies
.
are
.
gay
.
nil
.
nil
.
-of-the-world
.
nil

> .
'
.
there
nil

'
.
there
.
nil

> .
'
.
.
there
.
.
'
.
is
nil
nil
nil

'
.
there
.
'
.
is
.
nil
.
nil
.
nil

> .
'
.
.
'
.
.
.
'
.
.
'
.
.
.
'
.
.
cons
.
.
'
.
a
nil
.
b
nil
nil
nil
nil
nil
nil
nil
nil

'
.
'
.
'
.
'
.
'
.
cons
.
'
.
a
.
nil
.
b
.
nil
.
nil
.
nil
.
nil
.
nil
.
nil
.
nil
.
nil

> .
'
.
.
'
.
.
.
'
.
.
'
.
.
.
'
.
.
cons
.
.
'
.
a
nil
.
b
nil
nil
.
.
c
.
nil
nil
nil
nil
nil
.
.
d
.
e
nil
nil
nil
nil

'
.
'
.
'
.
'
.
'
.
cons
.
'
.
a
.
nil
.
b
.
nil
.
nil
.
c
.
nil
.
nil
.
nil
.
nil
.
nil
.
d
.
e
.
nil
.
nil
.
nil
.
nil

> .
'
.
.
'
.
.
.
'
.
.
'
.
.
.
'
.
.
cons
.
.
'
.
a
nil
.
b
nil
nil
.
.
c
.
.
'
.
nil
nil
nil
nil
nil
nil
.
.
d
.
e
nil
nil
nil
nil

'
.
'
.
'
.
'
.
'
.
cons
.
'
.
a
.
nil
.
b
.
nil
.
nil
.
c
.
'
.
nil
.
nil
.
nil
.
nil
.
nil
.
nil
.
d
.
e
.
nil
.
nil
.
nil
.
nil

> .
'
.
.
'
.
.
.
'
.
.
'
.
.
.
'
.
.
cons
.
.
'
.
a
nil
.
.
'
.
b
nil
nil
nil
.
.
c
.
.
'
.
.
exit
nil
nil
nil
nil
nil
nil
.
.
d
.
e
nil
nil
nil
nil

'
.
'
.
'
.
'
.
'
.
cons
.
'
.
a
.
nil
.
'
.
b
.
nil
.
nil
.
nil
.
c
.
'
.
exit
.
nil
.
nil
.
nil
.
nil
.
nil
.
nil
.
d
.
e
.
nil
.
nil
.
nil
.
nil

> ERROR (no more input) : END-OF-FILE encountered
Thanks for using OurScheme!
